C51 COMPILER V9.60.0.0   MAIN2                                                             08/13/2020 20:26:54 PAGE 1   


C51 COMPILER V9.60.0.0, COMPILATION OF MODULE MAIN2
OBJECT MODULE PLACED IN .\Objects\main2.obj
COMPILER INVOKED BY: C:\Keil_v5\C51\BIN\C51.EXE main2.c OPTIMIZE(8,SPEED) BROWSE DEBUG OBJECTEXTEND PRINT(.\Listings\mai
                    -n2.lst) OBJECT(.\Objects\main2.obj)

line level    source

   1          #include<reg52.h>
   2          #define uchar unsigned char
   3          #define uint unsigned int
   4                                                                           
   5          sbit lcdrs=P3^5;                                                   //??/?????,??????,??????
   6          sbit lcdrw=P3^6;                                                   //?????,?????
   7          sbit lcden=P3^7;                                                   //???
   8          uchar code table1[]="    51Start:    ";
   9          uchar code table2[]="  the best one! ";
  10          
  11          void delay(uint x)                                                 //?? x ??
  12          {
  13   1                uint i,j;
  14   1                for(i=x;i>0;i--)
  15   1                      for(j=110;j>0;j--);
  16   1      }
  17          /*==========================================================   
  18          *????:Lcd_1602_write(uchar com,date)
  19          *?    ?:?1602???/??
  20          *????:com(com=0 ???  com=1 ???)
  21          *????:
  22          *?    ?:?????1602????DB4-DB7,????????P1?????P1.4-P1.7
  23          *==========================================================*/
  24          void Lcd_1602_write(uchar com,date)                    
  25          {
  26   1                uchar i;
  27   1                lcdrw=0;                                                  //????
  28   1                lcdrs=com;                                                  //?????lcdrs
  29   1                for(i=0;i<2;i++)                                  //?????,??????/??(8?)????
  30   1                {   
  31   2             lcden=1;
  32   2             P1=(P2&0x0f)|(date&0xf0);         //?date??????P1,????P1??????
  33   2                                                                                 //????P1??????,???????:P1=(P1&0
             -xf0)|((date>>4)&0x0f);
  34   2             delay(3);                               //????,????
  35   2             lcden=0;                                        //????
  36   2             date<<=4;                                 //?????????
  37   2                }
  38   1      }
  39          
  40          /*==========================================================   
  41          *????:void Lcd_1602_init()
  42          *?    ?:?1602?????
  43          *????:
  44          *????:
  45          *?    ?:????,1602?????????????????,?????????????????,????
  46          *          ???write_1602(0,0x28);?????????,???????????????????,??????
  47                                   ????(????????8???),????????????,??????
  48          *==========================================================*/
  49          void Lcd_1602_init()
  50          {                                                                                          
  51   1                Lcd_1602_write(0,0x28);                                //0x28=0010 1000,??????16*2??,5*7??,4????
  52   1              delay(5);                                                //
  53   1              lcden=1;                                         //
C51 COMPILER V9.60.0.0   MAIN2                                                             08/13/2020 20:26:54 PAGE 2   

  54   1              lcden=0;         
  55   1              Lcd_1602_write(0,0x28);                   //??????
  56   1                Lcd_1602_write(0,0x0e);                   //?????,?????
  57   1                Lcd_1602_write(0,0x06);                   //??(0x06)?????????? ?????
  58   1                Lcd_1602_write(0,0x01);                   //???0,?????0            
  59   1      }
  60          
  61          //???
  62          void main()
  63          {   
  64   1              uchar num;
  65   1                Lcd_1602_init();            
  66   1                 Lcd_1602_write(0,0x80);                    //???
  67   1                 for(num=0;num<16;num++)
  68   1          {      
  69   2             Lcd_1602_write(1,table1[num]);        //???
  70   2             delay(3);
  71   2          }
  72   1          Lcd_1602_write(0,0xc0);                         //???
  73   1          for(num=0;num<16;num++)
  74   1          {
  75   2             Lcd_1602_write(1,table2[num]);
  76   2             delay(3);
  77   2          }
  78   1          while(1);
  79   1      }


MODULE INFORMATION:   STATIC OVERLAYABLE
   CODE SIZE        =    209    ----
   CONSTANT SIZE    =     34    ----
   XDATA SIZE       =   ----    ----
   PDATA SIZE       =   ----    ----
   DATA SIZE        =   ----       1
   IDATA SIZE       =   ----    ----
   BIT SIZE         =   ----    ----
END OF MODULE INFORMATION.


C51 COMPILATION COMPLETE.  0 WARNING(S),  0 ERROR(S)
