BL51 BANKED LINKER/LOCATER V6.22.2.0                                                    08/14/2020  21:28:14  PAGE 1


BL51 BANKED LINKER/LOCATER V6.22.2.0, INVOKED BY:
C:\KEIL_V5\C51\BIN\BL51.EXE .\Objects\main.obj TO .\Objects\test-v1 PRINT (.\Listings\test-v1.m51) RAMSIZE (256)


MEMORY MODEL: SMALL


INPUT MODULES INCLUDED:
  .\Objects\main.obj (MAIN)
  C:\KEIL_V5\C51\LIB\C51S.LIB (?C_STARTUP)
  C:\KEIL_V5\C51\LIB\C51S.LIB (?C?CLDPTR)


LINK MAP OF MODULE:  .\Objects\test-v1 (MAIN)


            TYPE    BASE      LENGTH    RELOCATION   SEGMENT NAME
            -----------------------------------------------------

            * * * * * * *   D A T A   M E M O R Y   * * * * * * *
            REG     0000H     0008H     ABSOLUTE     "REG BANK 0"
            DATA    0008H     0005H     UNIT         _DATA_GROUP_
            IDATA   000DH     0001H     UNIT         ?STACK

            * * * * * * *   C O D E   M E M O R Y   * * * * * * *
            CODE    0000H     0003H     ABSOLUTE     
                    0003H     07FDH                  *** GAP ***
            CODE    0800H     00FCH     UNIT         ?PR?MAIN?MAIN
            CODE    08FCH     008FH     UNIT         ?CO?MAIN
            CODE    098BH     003EH     UNIT         ?PR?_DELAY_NMS?MAIN
            CODE    09C9H     002CH     UNIT         ?PR?_LCD_WRITE_STRING?MAIN
            CODE    09F5H     001DH     UNIT         ?PR?_LCD_COM?MAIN
            CODE    0A12H     001DH     UNIT         ?PR?_LCD_DAT?MAIN
            CODE    0A2FH     001BH     UNIT         ?PR?LCD_INIT?MAIN
            CODE    0A4AH     0019H     UNIT         ?C?LIB_CODE
            CODE    0A63H     0015H     UNIT         ?PR?_LCD_WRITE_CHAR?MAIN
            CODE    0A78H     0012H     UNIT         ?PR?_LCD_SET_XY?MAIN
            CODE    0A8AH     000CH     UNIT         ?C_C51STARTUP



OVERLAY MAP OF MODULE:   .\Objects\test-v1 (MAIN)


SEGMENT                              DATA_GROUP 
  +--> CALLED SEGMENT              START    LENGTH
--------------------------------------------------
?C_C51STARTUP                      -----    -----
  +--> ?PR?MAIN?MAIN

?PR?MAIN?MAIN                      0008H    0002H
  +--> ?PR?LCD_INIT?MAIN
  +--> ?PR?_DELAY_NMS?MAIN
  +--> ?CO?MAIN
  +--> ?PR?_LCD_WRITE_STRING?MAIN
  +--> ?PR?_LCD_COM?MAIN
  +--> ?PR?_LCD_DAT?MAIN
  +--> ?PR?_LCD_WRITE_CHAR?MAIN
BL51 BANKED LINKER/LOCATER V6.22.2.0                                                  08/14/2020  21:28:14  PAGE 2



?PR?LCD_INIT?MAIN                  -----    -----
  +--> ?PR?_LCD_COM?MAIN
  +--> ?PR?_DELAY_NMS?MAIN

?PR?_LCD_COM?MAIN                  -----    -----
  +--> ?PR?_DELAY_NMS?MAIN

?PR?_LCD_WRITE_STRING?MAIN         000AH    0003H
  +--> ?PR?_LCD_SET_XY?MAIN
  +--> ?PR?_LCD_DAT?MAIN

?PR?_LCD_SET_XY?MAIN               -----    -----
  +--> ?PR?_LCD_COM?MAIN

?PR?_LCD_DAT?MAIN                  -----    -----
  +--> ?PR?_DELAY_NMS?MAIN

?PR?_LCD_WRITE_CHAR?MAIN           000AH    0001H
  +--> ?PR?_LCD_SET_XY?MAIN
  +--> ?PR?_LCD_DAT?MAIN



SYMBOL TABLE OF MODULE:  .\Objects\test-v1 (MAIN)

  VALUE           TYPE          NAME
  ----------------------------------

  -------         MODULE        MAIN
  C:0000H         SYMBOL        _ICE_DUMMY_
  B:00E0H.7       PUBLIC        ACC7
  D:0080H         PUBLIC        P0
  D:00B0H         PUBLIC        P3
  B:0080H.4       PUBLIC        io4
  B:0080H.5       PUBLIC        io5
  B:0080H.6       PUBLIC        io6
  B:0080H.7       PUBLIC        io7
  B:00B0H.3       PUBLIC        LCD1602_EN
  B:00B0H.2       PUBLIC        LCD1602_RS
  C:0800H         PUBLIC        main
  C:09ABH         PUBLIC        _delay_nms
  D:00E0H         PUBLIC        ACC
  C:0A78H         PUBLIC        _LCD_set_xy
  C:09CFH         PUBLIC        _LCD_write_string
  C:0A6EH         PUBLIC        _LCD_write_char
  C:0A2FH         PUBLIC        LCD_init
  C:0A12H         PUBLIC        _LCD_dat
  C:09F5H         PUBLIC        _LCD_com
  B:00E0H.0       PUBLIC        ACC0
  B:00E0H.1       PUBLIC        ACC1
  B:00E0H.2       PUBLIC        ACC2
  B:00E0H.3       PUBLIC        ACC3
  B:00E0H.4       PUBLIC        ACC4
  B:00E0H.5       PUBLIC        ACC5
  B:00E0H.6       PUBLIC        ACC6
  C:092BH         PUBLIC        font12x16
BL51 BANKED LINKER/LOCATER V6.22.2.0                                                  08/14/2020  21:28:14  PAGE 3


  -------         PROC          L?0028
  -------         ENDPROC       L?0028
  -------         PROC          _DELAY_NMS
  D:0006H         SYMBOL        n
  -------         DO            
  D:0004H         SYMBOL        u
  -------         ENDDO         
  C:09ABH         LINE#         48
  C:09ABH         LINE#         49
  C:09ABH         LINE#         51
  C:09B5H         LINE#         52
  C:09B5H         LINE#         53
  C:09C1H         LINE#         54
  C:09C8H         LINE#         55
  C:09C8H         LINE#         56
  -------         ENDPROC       _DELAY_NMS
  -------         PROC          _LCD_COM
  D:0003H         SYMBOL        command
  C:09F5H         LINE#         58
  C:09F7H         LINE#         59
  C:09F7H         LINE#         60
  C:09F9H         LINE#         61
  C:09F9H         LINE#         62
  C:09F9H         LINE#         63
  C:09F9H         LINE#         64
  C:09F9H         LINE#         65
  C:09F9H         LINE#         66
  C:09F9H         LINE#         67
  C:09F9H         LINE#         68
  C:09F9H         LINE#         69
  C:09FCH         LINE#         70
  C:09FEH         LINE#         71
  C:09FFH         LINE#         72
  C:0A03H         LINE#         73
  C:0A07H         LINE#         74
  C:0A0BH         LINE#         75
  C:0A0FH         LINE#         76
  C:0A11H         LINE#         77
  -------         ENDPROC       _LCD_COM
  -------         PROC          _LCD_DAT
  D:0003H         SYMBOL        dat
  C:0A12H         LINE#         79
  C:0A14H         LINE#         80
  C:0A14H         LINE#         81
  C:0A16H         LINE#         82
  C:0A16H         LINE#         83
  C:0A16H         LINE#         84
  C:0A16H         LINE#         85
  C:0A16H         LINE#         86
  C:0A16H         LINE#         87
  C:0A16H         LINE#         88
  C:0A16H         LINE#         89
  C:0A16H         LINE#         90
  C:0A19H         LINE#         91
  C:0A1BH         LINE#         92
  C:0A1CH         LINE#         93
  C:0A20H         LINE#         94
BL51 BANKED LINKER/LOCATER V6.22.2.0                                                  08/14/2020  21:28:14  PAGE 4


  C:0A24H         LINE#         95
  C:0A28H         LINE#         96
  C:0A2CH         LINE#         97
  C:0A2EH         LINE#         99
  -------         ENDPROC       _LCD_DAT
  -------         PROC          _LCD_SET_XY
  D:0007H         SYMBOL        x
  D:0005H         SYMBOL        y
  -------         DO            
  D:0001H         SYMBOL        address
  -------         ENDDO         
  C:0A78H         LINE#         102
  C:0A78H         LINE#         103
  C:0A78H         LINE#         105
  C:0A7BH         LINE#         106
  C:0A81H         LINE#         108
  C:0A85H         LINE#         109
  -------         ENDPROC       _LCD_SET_XY
  -------         PROC          L?0029
  -------         ENDPROC       L?0029
  -------         PROC          _LCD_WRITE_CHAR
  D:0007H         SYMBOL        x
  D:0005H         SYMBOL        y
  D:000AH         SYMBOL        dat
  C:0A6EH         LINE#         112
  C:0A70H         LINE#         113
  C:0A70H         LINE#         114
  C:0A73H         LINE#         115
  -------         ENDPROC       _LCD_WRITE_CHAR
  -------         PROC          L?0030
  -------         ENDPROC       L?0030
  -------         PROC          _LCD_WRITE_STRING
  D:0007H         SYMBOL        x
  D:0005H         SYMBOL        y
  D:000AH         SYMBOL        s
  C:09CFH         LINE#         119
  C:09D5H         LINE#         120
  C:09D5H         LINE#         121
  C:09D8H         LINE#         122
  C:09E4H         LINE#         123
  C:09E4H         LINE#         125
  C:09E7H         LINE#         126
  C:09F2H         LINE#         127
  C:09F4H         LINE#         128
  -------         ENDPROC       _LCD_WRITE_STRING
  -------         PROC          LCD_INIT
  C:0A2FH         LINE#         130
  C:0A2FH         LINE#         131
  C:0A2FH         LINE#         132
  C:0A34H         LINE#         133
  C:0A39H         LINE#         134
  C:0A3EH         LINE#         136
  C:0A43H         LINE#         137
  -------         ENDPROC       LCD_INIT
  -------         PROC          MAIN
  -------         DO            
  D:0008H         SYMBOL        a
BL51 BANKED LINKER/LOCATER V6.22.2.0                                                  08/14/2020  21:28:14  PAGE 5


  D:0001H         SYMBOL        cg
  D:0009H         SYMBOL        cg1
  -------         ENDDO         
  C:0800H         LINE#         139
  C:0800H         LINE#         140
  C:0800H         LINE#         142
  C:0803H         LINE#         143
  C:080AH         LINE#         144
  C:0816H         LINE#         145
  C:081DH         LINE#         146
  C:0824H         LINE#         147
  C:0829H         LINE#         148
  C:0830H         LINE#         149
  C:083CH         LINE#         150
  C:0843H         LINE#         152
  C:0848H         LINE#         153
  C:0856H         LINE#         154
  C:0856H         LINE#         155
  C:0862H         LINE#         156
  C:0862H         LINE#         157
  C:0881H         LINE#         158
  C:0884H         LINE#         159
  C:0888H         LINE#         162
  C:0891H         LINE#         163
  C:089AH         LINE#         164
  C:08A3H         LINE#         165
  C:08ACH         LINE#         168
  C:08B4H         LINE#         169
  C:08BDH         LINE#         170
  C:08C6H         LINE#         171
  C:08CFH         LINE#         173
  C:08CFH         LINE#         174
  C:08CFH         LINE#         175
  C:08DFH         LINE#         176
  C:08EAH         LINE#         177
  C:08F1H         LINE#         178
  C:08F8H         LINE#         179
  C:08FAH         LINE#         180
  -------         ENDPROC       MAIN
  -------         ENDMOD        MAIN

  -------         MODULE        ?C?CLDPTR
  C:0A4AH         PUBLIC        ?C?CLDPTR
  -------         ENDMOD        ?C?CLDPTR

******************************************************************************
* RESTRICTED VERSION WITH 0800H BYTE CODE SIZE LIMIT; USED: 0271H BYTE (30%) *
******************************************************************************

Program Size: data=14.0 xdata=0 code=665
LINK/LOCATE RUN COMPLETE.  0 WARNING(S),  0 ERROR(S)
