                                      1 ;--------------------------------------------------------
                                      2 ; File Created by SDCC : free open source ANSI-C Compiler
                                      3 ; Version 4.0.0 #11528 (Linux)
                                      4 ;--------------------------------------------------------
                                      5 	.module main
                                      6 	.optsdcc -mstm8
                                      7 	
                                      8 ;--------------------------------------------------------
                                      9 ; Public variables in this module
                                     10 ;--------------------------------------------------------
                                     11 	.globl _main
                                     12 	.globl _GPIO_WriteReverse
                                     13 	.globl _GPIO_Init
                                     14 	.globl _Delay
                                     15 	.globl _assert_failed
                                     16 ;--------------------------------------------------------
                                     17 ; ram data
                                     18 ;--------------------------------------------------------
                                     19 	.area DATA
                                     20 ;--------------------------------------------------------
                                     21 ; ram data
                                     22 ;--------------------------------------------------------
                                     23 	.area INITIALIZED
                                     24 ;--------------------------------------------------------
                                     25 ; Stack segment in internal ram 
                                     26 ;--------------------------------------------------------
                                     27 	.area	SSEG
      000000                         28 __start__stack:
      000000                         29 	.ds	1
                                     30 
                                     31 ;--------------------------------------------------------
                                     32 ; absolute external ram data
                                     33 ;--------------------------------------------------------
                                     34 	.area DABS (ABS)
                                     35 
                                     36 ; default segment ordering for linker
                                     37 	.area HOME
                                     38 	.area GSINIT
                                     39 	.area GSFINAL
                                     40 	.area CONST
                                     41 	.area INITIALIZER
                                     42 	.area CODE
                                     43 
                                     44 ;--------------------------------------------------------
                                     45 ; interrupt vector 
                                     46 ;--------------------------------------------------------
                                     47 	.area HOME
      000000                         48 __interrupt_vect:
      000000 82v00u00u00             49 	int s_GSINIT ; reset
      000004 82v00u00u00             50 	int _TRAP_IRQHandler ; trap
      000008 82v00u00u00             51 	int _TLI_IRQHandler ; int0
      00000C 82v00u00u00             52 	int _AWU_IRQHandler ; int1
      000010 82v00u00u00             53 	int _CLK_IRQHandler ; int2
      000014 82v00u00u00             54 	int _EXTI_PORTA_IRQHandler ; int3
      000018 82v00u00u00             55 	int _EXTI_PORTB_IRQHandler ; int4
      00001C 82v00u00u00             56 	int _EXTI_PORTC_IRQHandler ; int5
      000020 82v00u00u00             57 	int _EXTI_PORTD_IRQHandler ; int6
      000024 82v00u00u00             58 	int _EXTI_PORTE_IRQHandler ; int7
      000028 82 00 00 00             59 	int 0x000000 ; int8
      00002C 82 00 00 00             60 	int 0x000000 ; int9
      000030 82v00u00u00             61 	int _SPI_IRQHandler ; int10
      000034 82v00u00u00             62 	int _TIM1_UPD_OVF_TRG_BRK_IRQHandler ; int11
      000038 82v00u00u00             63 	int _TIM1_CAP_COM_IRQHandler ; int12
      00003C 82v00u00u00             64 	int _TIM2_UPD_OVF_BRK_IRQHandler ; int13
      000040 82v00u00u00             65 	int _TIM2_CAP_COM_IRQHandler ; int14
      000044 82v00u00u00             66 	int _TIM3_UPD_OVF_BRK_IRQHandler ; int15
      000048 82v00u00u00             67 	int _TIM3_CAP_COM_IRQHandler ; int16
      00004C 82 00 00 00             68 	int 0x000000 ; int17
      000050 82 00 00 00             69 	int 0x000000 ; int18
      000054 82v00u00u00             70 	int _I2C_IRQHandler ; int19
      000058 82v00u00u00             71 	int _UART2_TX_IRQHandler ; int20
      00005C 82v00u00u00             72 	int _UART2_RX_IRQHandler ; int21
      000060 82v00u00u00             73 	int _ADC1_IRQHandler ; int22
      000064 82v00u00u00             74 	int _TIM4_UPD_OVF_IRQHandler ; int23
      000068 82v00u00u00             75 	int _EEPROM_EEC_IRQHandler ; int24
                                     76 ;--------------------------------------------------------
                                     77 ; global & static initialisations
                                     78 ;--------------------------------------------------------
                                     79 	.area HOME
                                     80 	.area GSINIT
                                     81 	.area GSFINAL
                                     82 	.area GSINIT
      000000                         83 __sdcc_gs_init_startup:
      000000                         84 __sdcc_init_data:
                                     85 ; stm8_genXINIT() start
      000000 AEr00r00         [ 2]   86 	ldw x, #l_DATA
      000003 27 07            [ 1]   87 	jreq	00002$
      000005                         88 00001$:
      000005 72 4FuFFuFF      [ 1]   89 	clr (s_DATA - 1, x)
      000009 5A               [ 2]   90 	decw x
      00000A 26 F9            [ 1]   91 	jrne	00001$
      00000C                         92 00002$:
      00000C AEr00r00         [ 2]   93 	ldw	x, #l_INITIALIZER
      00000F 27 09            [ 1]   94 	jreq	00004$
      000011                         95 00003$:
      000011 D6uFFuFF         [ 1]   96 	ld	a, (s_INITIALIZER - 1, x)
      000014 D7uFFuFF         [ 1]   97 	ld	(s_INITIALIZED - 1, x), a
      000017 5A               [ 2]   98 	decw	x
      000018 26 F7            [ 1]   99 	jrne	00003$
      00001A                        100 00004$:
                                    101 ; stm8_genXINIT() end
                                    102 	.area GSFINAL
      000000 CCr00r6C         [ 2]  103 	jp	__sdcc_program_startup
                                    104 ;--------------------------------------------------------
                                    105 ; Home
                                    106 ;--------------------------------------------------------
                                    107 	.area HOME
                                    108 	.area HOME
      00006C                        109 __sdcc_program_startup:
      00006C CCr00r00         [ 2]  110 	jp	_main
                                    111 ;	return from main will return to caller
                                    112 ;--------------------------------------------------------
                                    113 ; code
                                    114 ;--------------------------------------------------------
                                    115 	.area CODE
                                    116 ;	./src/main.c: 57: void main(void)
                                    117 ;	-----------------------------------------
                                    118 ;	 function main
                                    119 ;	-----------------------------------------
      000000                        120 _main:
                                    121 ;	./src/main.c: 61: GPIO_Init(LED_GPIO_PORT, (GPIO_Pin_TypeDef)LED_GPIO_PINS, GPIO_MODE_OUT_PP_LOW_FAST);
      000000 4B E0            [ 1]  122 	push	#0xe0
      000002 4B 0F            [ 1]  123 	push	#0x0f
      000004 4B 00            [ 1]  124 	push	#0x00
      000006 4B 50            [ 1]  125 	push	#0x50
      000008 CDr00r00         [ 4]  126 	call	_GPIO_Init
      00000B 5B 04            [ 2]  127 	addw	sp, #4
                                    128 ;	./src/main.c: 63: while (1)
      00000D                        129 00102$:
                                    130 ;	./src/main.c: 66: GPIO_WriteReverse(LED_GPIO_PORT, (GPIO_Pin_TypeDef)LED_GPIO_PINS);
      00000D 4B 0F            [ 1]  131 	push	#0x0f
      00000F 4B 00            [ 1]  132 	push	#0x00
      000011 4B 50            [ 1]  133 	push	#0x50
      000013 CDr00r00         [ 4]  134 	call	_GPIO_WriteReverse
      000016 5B 03            [ 2]  135 	addw	sp, #3
                                    136 ;	./src/main.c: 67: Delay(0xFFFF);
      000018 4B FF            [ 1]  137 	push	#0xff
      00001A 4B FF            [ 1]  138 	push	#0xff
      00001C CDr00r23         [ 4]  139 	call	_Delay
      00001F 85               [ 2]  140 	popw	x
      000020 20 EB            [ 2]  141 	jra	00102$
                                    142 ;	./src/main.c: 70: }
      000022 81               [ 4]  143 	ret
                                    144 ;	./src/main.c: 77: void Delay(uint16_t nCount)
                                    145 ;	-----------------------------------------
                                    146 ;	 function Delay
                                    147 ;	-----------------------------------------
      000023                        148 _Delay:
                                    149 ;	./src/main.c: 80: while (nCount != 0)
      000023 1E 03            [ 2]  150 	ldw	x, (0x03, sp)
      000025                        151 00101$:
      000025 5D               [ 2]  152 	tnzw	x
      000026 26 01            [ 1]  153 	jrne	00117$
      000028 81               [ 4]  154 	ret
      000029                        155 00117$:
                                    156 ;	./src/main.c: 82: nCount--;
      000029 5A               [ 2]  157 	decw	x
      00002A 20 F9            [ 2]  158 	jra	00101$
                                    159 ;	./src/main.c: 84: }
      00002C 81               [ 4]  160 	ret
                                    161 ;	./src/main.c: 95: void assert_failed(uint8_t* file, uint32_t line)
                                    162 ;	-----------------------------------------
                                    163 ;	 function assert_failed
                                    164 ;	-----------------------------------------
      00002D                        165 _assert_failed:
                                    166 ;	./src/main.c: 102: while (1)
      00002D                        167 00102$:
      00002D 20 FE            [ 2]  168 	jra	00102$
                                    169 ;	./src/main.c: 105: }
      00002F 81               [ 4]  170 	ret
                                    171 	.area CODE
                                    172 	.area CONST
                                    173 	.area INITIALIZER
                                    174 	.area CABS (ABS)
